<?xml version="1.0" encoding="UTF-8"?>
<TestRun id="ace2ea1b-ee8a-4734-9985-3b4f6e8605a5" name="Admin@ADMIN-KOMPUTER 2012-05-30 13:52:05" runUser="Admin-Komputer\Admin" xmlns="http://microsoft.com/schemas/VisualStudio/TeamTest/2010">
  <TestSettings name="Local" id="1dc8fbb8-15f3-49ac-a2c5-a77e39de2a4f">
    <Description>These are default test settings for a local test run.</Description>
    <Deployment userDeploymentRoot="C:\Users\Admin\Documents\Visual Studio 2010\Projects\ZMTFixedAssets\TestResults" useDefaultDeploymentRoot="false" enabled="false" runDeploymentRoot="Admin_ADMIN-KOMPUTER 2012-05-30 13_52_05">
      <DeploymentItem filename="C:\Users\Admin\Documents\Visual Studio 2010\Projects\ZMTFixedAssets\ZMTFixedAssets\bin\Debug\FixedAssets.dll" />
      <DeploymentItem filename="C:\Users\Admin\Documents\Visual Studio 2010\Projects\ZMTFixedAssets\ZMTFixedAssets\bin\Debug\ZMTFixedAssets.dll" />
      <DeploymentItem filename="C:\Users\Admin\Documents\Visual Studio 2010\Projects\EF_ZMTdbConnection\EF_ZMTdbContent\bin\Debug\EF_ZMTdbContent.dll" />
      <DeploymentItem filename="C:\Users\Admin\Documents\Visual Studio 2010\Projects\EF_ZMTdbConnection\EF_ZMTdbEntities\bin\Debug\EF_ZMTdbEntities.dll" />
      <DeploymentItem filename="D:\c#\Moq.dll" />
    </Deployment>
    <Execution>
      <TestTypeSpecific />
      <AgentRule name="Execution Agents">
      </AgentRule>
    </Execution>
  </TestSettings>
  <Times creation="2012-05-30T13:52:05.8337482+02:00" queuing="2012-05-30T13:52:05.9937573+02:00" start="2012-05-30T13:52:06.0957631+02:00" finish="2012-05-30T13:52:07.4388400+02:00" />
  <ResultSummary outcome="Completed">
    <Counters total="10" executed="10" passed="10" error="0" failed="0" timeout="0" aborted="0" inconclusive="0" passedButRunAborted="0" notRunnable="0" notExecuted="0" disconnected="0" warning="0" completed="0" inProgress="0" pending="0" />
  </ResultSummary>
  <TestDefinitions>
    <UnitTest name="GetContractorsByStreet" storage="c:\users\admin\documents\visual studio 2010\projects\zmtfixedassets\zmtfixedassetstestproject\bin\debug\zmtfixedassetstestproject.dll" id="930e983d-3836-e584-f070-7836eabf9d5d">
      <Execution id="b9479551-aa9e-4d0c-a589-fc991bf197bf" />
      <TestMethod codeBase="C:/Users/Admin/Documents/Visual Studio 2010/Projects/ZMTFixedAssets/ZMTFixedAssetsTestProject/bin/Debug/ZMTFixedAssetsTestProject.DLL" adapterTypeName="Microsoft.VisualStudio.TestTools.TestTypes.Unit.UnitTestAdapter, Microsoft.VisualStudio.QualityTools.Tips.UnitTest.Adapter, Version=10.0.0.0, Culture=neutral, PublicKeyToken=b03f5f7f11d50a3a" className="ZMTFixedAssetsTestProject.ContractorTest, ZMTFixedAssetsTestProject, Version=1.0.0.0, Culture=neutral, PublicKeyToken=null" name="GetContractorsByStreet" />
    </UnitTest>
    <UnitTest name="GetContractorsByCountry" storage="c:\users\admin\documents\visual studio 2010\projects\zmtfixedassets\zmtfixedassetstestproject\bin\debug\zmtfixedassetstestproject.dll" id="e9d4ee53-b79d-2bf2-2838-903535c09341">
      <Execution id="44c095b5-e62a-406e-ad15-aa5b5ee12121" />
      <TestMethod codeBase="C:/Users/Admin/Documents/Visual Studio 2010/Projects/ZMTFixedAssets/ZMTFixedAssetsTestProject/bin/Debug/ZMTFixedAssetsTestProject.DLL" adapterTypeName="Microsoft.VisualStudio.TestTools.TestTypes.Unit.UnitTestAdapter, Microsoft.VisualStudio.QualityTools.Tips.UnitTest.Adapter, Version=10.0.0.0, Culture=neutral, PublicKeyToken=b03f5f7f11d50a3a" className="ZMTFixedAssetsTestProject.ContractorTest, ZMTFixedAssetsTestProject, Version=1.0.0.0, Culture=neutral, PublicKeyToken=null" name="GetContractorsByCountry" />
    </UnitTest>
    <UnitTest name="GetAllContractors" storage="c:\users\admin\documents\visual studio 2010\projects\zmtfixedassets\zmtfixedassetstestproject\bin\debug\zmtfixedassetstestproject.dll" id="b2a3045f-4c75-f962-90a0-b20aef4d9ed4">
      <Execution id="b1411efa-9461-4845-bb32-3af5b70cac6d" />
      <TestMethod codeBase="C:/Users/Admin/Documents/Visual Studio 2010/Projects/ZMTFixedAssets/ZMTFixedAssetsTestProject/bin/Debug/ZMTFixedAssetsTestProject.DLL" adapterTypeName="Microsoft.VisualStudio.TestTools.TestTypes.Unit.UnitTestAdapter, Microsoft.VisualStudio.QualityTools.Tips.UnitTest.Adapter, Version=10.0.0.0, Culture=neutral, PublicKeyToken=b03f5f7f11d50a3a" className="ZMTFixedAssetsTestProject.ContractorTest, ZMTFixedAssetsTestProject, Version=1.0.0.0, Culture=neutral, PublicKeyToken=null" name="GetAllContractors" />
    </UnitTest>
    <UnitTest name="GetContractorByName" storage="c:\users\admin\documents\visual studio 2010\projects\zmtfixedassets\zmtfixedassetstestproject\bin\debug\zmtfixedassetstestproject.dll" id="9264db2d-35b8-852b-589e-e79e604a5f88">
      <Execution id="921c4309-f2db-403e-8708-63f561c9d3b2" />
      <TestMethod codeBase="C:/Users/Admin/Documents/Visual Studio 2010/Projects/ZMTFixedAssets/ZMTFixedAssetsTestProject/bin/Debug/ZMTFixedAssetsTestProject.DLL" adapterTypeName="Microsoft.VisualStudio.TestTools.TestTypes.Unit.UnitTestAdapter, Microsoft.VisualStudio.QualityTools.Tips.UnitTest.Adapter, Version=10.0.0.0, Culture=neutral, PublicKeyToken=b03f5f7f11d50a3a" className="ZMTFixedAssetsTestProject.ContractorTest, ZMTFixedAssetsTestProject, Version=1.0.0.0, Culture=neutral, PublicKeyToken=null" name="GetContractorByName" />
    </UnitTest>
    <UnitTest name="GetContractorById" storage="c:\users\admin\documents\visual studio 2010\projects\zmtfixedassets\zmtfixedassetstestproject\bin\debug\zmtfixedassetstestproject.dll" id="1ff1c349-c6cf-1f83-4c87-d0b812fe7ea7">
      <Execution id="281a6efc-2ece-4d30-8fcb-97b890745adc" />
      <TestMethod codeBase="C:/Users/Admin/Documents/Visual Studio 2010/Projects/ZMTFixedAssets/ZMTFixedAssetsTestProject/bin/Debug/ZMTFixedAssetsTestProject.DLL" adapterTypeName="Microsoft.VisualStudio.TestTools.TestTypes.Unit.UnitTestAdapter, Microsoft.VisualStudio.QualityTools.Tips.UnitTest.Adapter, Version=10.0.0.0, Culture=neutral, PublicKeyToken=b03f5f7f11d50a3a" className="ZMTFixedAssetsTestProject.ContractorTest, ZMTFixedAssetsTestProject, Version=1.0.0.0, Culture=neutral, PublicKeyToken=null" name="GetContractorById" />
    </UnitTest>
    <UnitTest name="GetContractorByNip" storage="c:\users\admin\documents\visual studio 2010\projects\zmtfixedassets\zmtfixedassetstestproject\bin\debug\zmtfixedassetstestproject.dll" id="8bacf1e3-53e5-7d08-d507-23e5157c2c9b">
      <Execution id="d3ffaab2-59b9-4692-a97f-dbb5fe55e15f" />
      <TestMethod codeBase="C:/Users/Admin/Documents/Visual Studio 2010/Projects/ZMTFixedAssets/ZMTFixedAssetsTestProject/bin/Debug/ZMTFixedAssetsTestProject.DLL" adapterTypeName="Microsoft.VisualStudio.TestTools.TestTypes.Unit.UnitTestAdapter, Microsoft.VisualStudio.QualityTools.Tips.UnitTest.Adapter, Version=10.0.0.0, Culture=neutral, PublicKeyToken=b03f5f7f11d50a3a" className="ZMTFixedAssetsTestProject.ContractorTest, ZMTFixedAssetsTestProject, Version=1.0.0.0, Culture=neutral, PublicKeyToken=null" name="GetContractorByNip" />
    </UnitTest>
    <UnitTest name="GetContractorByAccountNumber" storage="c:\users\admin\documents\visual studio 2010\projects\zmtfixedassets\zmtfixedassetstestproject\bin\debug\zmtfixedassetstestproject.dll" id="4d606961-1051-9436-fb9b-030a04cc68ce">
      <Execution id="470119e0-ff7b-45a9-a656-739f52958f8b" />
      <TestMethod codeBase="C:/Users/Admin/Documents/Visual Studio 2010/Projects/ZMTFixedAssets/ZMTFixedAssetsTestProject/bin/Debug/ZMTFixedAssetsTestProject.DLL" adapterTypeName="Microsoft.VisualStudio.TestTools.TestTypes.Unit.UnitTestAdapter, Microsoft.VisualStudio.QualityTools.Tips.UnitTest.Adapter, Version=10.0.0.0, Culture=neutral, PublicKeyToken=b03f5f7f11d50a3a" className="ZMTFixedAssetsTestProject.ContractorTest, ZMTFixedAssetsTestProject, Version=1.0.0.0, Culture=neutral, PublicKeyToken=null" name="GetContractorByAccountNumber" />
    </UnitTest>
    <UnitTest name="CountContractors" storage="c:\users\admin\documents\visual studio 2010\projects\zmtfixedassets\zmtfixedassetstestproject\bin\debug\zmtfixedassetstestproject.dll" id="b92cf879-3d9b-b83c-031f-0fd20312ccaa">
      <Execution id="d0a093ac-7092-4b2f-883f-e8ba0d4f4631" />
      <TestMethod codeBase="C:/Users/Admin/Documents/Visual Studio 2010/Projects/ZMTFixedAssets/ZMTFixedAssetsTestProject/bin/Debug/ZMTFixedAssetsTestProject.DLL" adapterTypeName="Microsoft.VisualStudio.TestTools.TestTypes.Unit.UnitTestAdapter, Microsoft.VisualStudio.QualityTools.Tips.UnitTest.Adapter, Version=10.0.0.0, Culture=neutral, PublicKeyToken=b03f5f7f11d50a3a" className="ZMTFixedAssetsTestProject.ContractorTest, ZMTFixedAssetsTestProject, Version=1.0.0.0, Culture=neutral, PublicKeyToken=null" name="CountContractors" />
    </UnitTest>
    <UnitTest name="GetContractorsByPostalCode" storage="c:\users\admin\documents\visual studio 2010\projects\zmtfixedassets\zmtfixedassetstestproject\bin\debug\zmtfixedassetstestproject.dll" id="e57e9d7b-8bde-398a-3f6f-15117ea49059">
      <Execution id="5ca92aa4-d5fe-4af2-9b72-63015d496e7c" />
      <TestMethod codeBase="C:/Users/Admin/Documents/Visual Studio 2010/Projects/ZMTFixedAssets/ZMTFixedAssetsTestProject/bin/Debug/ZMTFixedAssetsTestProject.DLL" adapterTypeName="Microsoft.VisualStudio.TestTools.TestTypes.Unit.UnitTestAdapter, Microsoft.VisualStudio.QualityTools.Tips.UnitTest.Adapter, Version=10.0.0.0, Culture=neutral, PublicKeyToken=b03f5f7f11d50a3a" className="ZMTFixedAssetsTestProject.ContractorTest, ZMTFixedAssetsTestProject, Version=1.0.0.0, Culture=neutral, PublicKeyToken=null" name="GetContractorsByPostalCode" />
    </UnitTest>
    <UnitTest name="GetContractorsByCity" storage="c:\users\admin\documents\visual studio 2010\projects\zmtfixedassets\zmtfixedassetstestproject\bin\debug\zmtfixedassetstestproject.dll" id="c070fed9-2846-fa4c-7afa-09c053bf97a7">
      <Execution id="41282922-9286-4e8d-86cf-2f7b1c8c49cd" />
      <TestMethod codeBase="C:/Users/Admin/Documents/Visual Studio 2010/Projects/ZMTFixedAssets/ZMTFixedAssetsTestProject/bin/Debug/ZMTFixedAssetsTestProject.DLL" adapterTypeName="Microsoft.VisualStudio.TestTools.TestTypes.Unit.UnitTestAdapter, Microsoft.VisualStudio.QualityTools.Tips.UnitTest.Adapter, Version=10.0.0.0, Culture=neutral, PublicKeyToken=b03f5f7f11d50a3a" className="ZMTFixedAssetsTestProject.ContractorTest, ZMTFixedAssetsTestProject, Version=1.0.0.0, Culture=neutral, PublicKeyToken=null" name="GetContractorsByCity" />
    </UnitTest>
  </TestDefinitions>
  <TestLists>
    <TestList name="Results Not in a List" id="8c84fa94-04c1-424b-9868-57a2d4851a1d" />
    <TestList name="All Loaded Results" id="19431567-8539-422a-85d7-44ee4e166bda" />
  </TestLists>
  <TestEntries>
    <TestEntry testId="1ff1c349-c6cf-1f83-4c87-d0b812fe7ea7" executionId="281a6efc-2ece-4d30-8fcb-97b890745adc" testListId="8c84fa94-04c1-424b-9868-57a2d4851a1d" />
    <TestEntry testId="4d606961-1051-9436-fb9b-030a04cc68ce" executionId="470119e0-ff7b-45a9-a656-739f52958f8b" testListId="8c84fa94-04c1-424b-9868-57a2d4851a1d" />
    <TestEntry testId="8bacf1e3-53e5-7d08-d507-23e5157c2c9b" executionId="d3ffaab2-59b9-4692-a97f-dbb5fe55e15f" testListId="8c84fa94-04c1-424b-9868-57a2d4851a1d" />
    <TestEntry testId="9264db2d-35b8-852b-589e-e79e604a5f88" executionId="921c4309-f2db-403e-8708-63f561c9d3b2" testListId="8c84fa94-04c1-424b-9868-57a2d4851a1d" />
    <TestEntry testId="930e983d-3836-e584-f070-7836eabf9d5d" executionId="b9479551-aa9e-4d0c-a589-fc991bf197bf" testListId="8c84fa94-04c1-424b-9868-57a2d4851a1d" />
    <TestEntry testId="b2a3045f-4c75-f962-90a0-b20aef4d9ed4" executionId="b1411efa-9461-4845-bb32-3af5b70cac6d" testListId="8c84fa94-04c1-424b-9868-57a2d4851a1d" />
    <TestEntry testId="b92cf879-3d9b-b83c-031f-0fd20312ccaa" executionId="d0a093ac-7092-4b2f-883f-e8ba0d4f4631" testListId="8c84fa94-04c1-424b-9868-57a2d4851a1d" />
    <TestEntry testId="c070fed9-2846-fa4c-7afa-09c053bf97a7" executionId="41282922-9286-4e8d-86cf-2f7b1c8c49cd" testListId="8c84fa94-04c1-424b-9868-57a2d4851a1d" />
    <TestEntry testId="e57e9d7b-8bde-398a-3f6f-15117ea49059" executionId="5ca92aa4-d5fe-4af2-9b72-63015d496e7c" testListId="8c84fa94-04c1-424b-9868-57a2d4851a1d" />
    <TestEntry testId="e9d4ee53-b79d-2bf2-2838-903535c09341" executionId="44c095b5-e62a-406e-ad15-aa5b5ee12121" testListId="8c84fa94-04c1-424b-9868-57a2d4851a1d" />
  </TestEntries>
  <Results>
    <UnitTestResult executionId="281a6efc-2ece-4d30-8fcb-97b890745adc" testId="1ff1c349-c6cf-1f83-4c87-d0b812fe7ea7" testName="GetContractorById" computerName="ADMIN-KOMPUTER" duration="00:00:00.4605496" startTime="2012-05-30T13:52:06.1547665+02:00" endTime="2012-05-30T13:52:07.2118270+02:00" testType="13cdc9d9-ddb5-4fa4-a97d-d965ccfc6d4b" outcome="Passed" testListId="8c84fa94-04c1-424b-9868-57a2d4851a1d" relativeResultsDirectory="281a6efc-2ece-4d30-8fcb-97b890745adc">
    </UnitTestResult>
    <UnitTestResult executionId="470119e0-ff7b-45a9-a656-739f52958f8b" testId="4d606961-1051-9436-fb9b-030a04cc68ce" testName="GetContractorByAccountNumber" computerName="ADMIN-KOMPUTER" duration="00:00:00.0089045" startTime="2012-05-30T13:52:07.2198274+02:00" endTime="2012-05-30T13:52:07.2348283+02:00" testType="13cdc9d9-ddb5-4fa4-a97d-d965ccfc6d4b" outcome="Passed" testListId="8c84fa94-04c1-424b-9868-57a2d4851a1d" relativeResultsDirectory="470119e0-ff7b-45a9-a656-739f52958f8b">
    </UnitTestResult>
    <UnitTestResult executionId="d3ffaab2-59b9-4692-a97f-dbb5fe55e15f" testId="8bacf1e3-53e5-7d08-d507-23e5157c2c9b" testName="GetContractorByNip" computerName="ADMIN-KOMPUTER" duration="00:00:00.0073583" startTime="2012-05-30T13:52:07.2408286+02:00" endTime="2012-05-30T13:52:07.2548294+02:00" testType="13cdc9d9-ddb5-4fa4-a97d-d965ccfc6d4b" outcome="Passed" testListId="8c84fa94-04c1-424b-9868-57a2d4851a1d" relativeResultsDirectory="d3ffaab2-59b9-4692-a97f-dbb5fe55e15f">
    </UnitTestResult>
    <UnitTestResult executionId="921c4309-f2db-403e-8708-63f561c9d3b2" testId="9264db2d-35b8-852b-589e-e79e604a5f88" testName="GetContractorByName" computerName="ADMIN-KOMPUTER" duration="00:00:00.0111937" startTime="2012-05-30T13:52:07.2598297+02:00" endTime="2012-05-30T13:52:07.2778308+02:00" testType="13cdc9d9-ddb5-4fa4-a97d-d965ccfc6d4b" outcome="Passed" testListId="8c84fa94-04c1-424b-9868-57a2d4851a1d" relativeResultsDirectory="921c4309-f2db-403e-8708-63f561c9d3b2">
    </UnitTestResult>
    <UnitTestResult executionId="b9479551-aa9e-4d0c-a589-fc991bf197bf" testId="930e983d-3836-e584-f070-7836eabf9d5d" testName="GetContractorsByStreet" computerName="ADMIN-KOMPUTER" duration="00:00:00.0105758" startTime="2012-05-30T13:52:07.2838311+02:00" endTime="2012-05-30T13:52:07.2998320+02:00" testType="13cdc9d9-ddb5-4fa4-a97d-d965ccfc6d4b" outcome="Passed" testListId="8c84fa94-04c1-424b-9868-57a2d4851a1d" relativeResultsDirectory="b9479551-aa9e-4d0c-a589-fc991bf197bf">
    </UnitTestResult>
    <UnitTestResult executionId="b1411efa-9461-4845-bb32-3af5b70cac6d" testId="b2a3045f-4c75-f962-90a0-b20aef4d9ed4" testName="GetAllContractors" computerName="ADMIN-KOMPUTER" duration="00:00:00.0030488" startTime="2012-05-30T13:52:07.3058324+02:00" endTime="2012-05-30T13:52:07.3148329+02:00" testType="13cdc9d9-ddb5-4fa4-a97d-d965ccfc6d4b" outcome="Passed" testListId="8c84fa94-04c1-424b-9868-57a2d4851a1d" relativeResultsDirectory="b1411efa-9461-4845-bb32-3af5b70cac6d">
    </UnitTestResult>
    <UnitTestResult executionId="d0a093ac-7092-4b2f-883f-e8ba0d4f4631" testId="b92cf879-3d9b-b83c-031f-0fd20312ccaa" testName="CountContractors" computerName="ADMIN-KOMPUTER" duration="00:00:00.0038007" startTime="2012-05-30T13:52:07.3198332+02:00" endTime="2012-05-30T13:52:07.3308338+02:00" testType="13cdc9d9-ddb5-4fa4-a97d-d965ccfc6d4b" outcome="Passed" testListId="8c84fa94-04c1-424b-9868-57a2d4851a1d" relativeResultsDirectory="d0a093ac-7092-4b2f-883f-e8ba0d4f4631">
    </UnitTestResult>
    <UnitTestResult executionId="41282922-9286-4e8d-86cf-2f7b1c8c49cd" testId="c070fed9-2846-fa4c-7afa-09c053bf97a7" testName="GetContractorsByCity" computerName="ADMIN-KOMPUTER" duration="00:00:00.0102281" startTime="2012-05-30T13:52:07.3368341+02:00" endTime="2012-05-30T13:52:07.3538351+02:00" testType="13cdc9d9-ddb5-4fa4-a97d-d965ccfc6d4b" outcome="Passed" testListId="8c84fa94-04c1-424b-9868-57a2d4851a1d" relativeResultsDirectory="41282922-9286-4e8d-86cf-2f7b1c8c49cd">
    </UnitTestResult>
    <UnitTestResult executionId="5ca92aa4-d5fe-4af2-9b72-63015d496e7c" testId="e57e9d7b-8bde-398a-3f6f-15117ea49059" testName="GetContractorsByPostalCode" computerName="ADMIN-KOMPUTER" duration="00:00:00.0101748" startTime="2012-05-30T13:52:07.3588354+02:00" endTime="2012-05-30T13:52:07.3758364+02:00" testType="13cdc9d9-ddb5-4fa4-a97d-d965ccfc6d4b" outcome="Passed" testListId="8c84fa94-04c1-424b-9868-57a2d4851a1d" relativeResultsDirectory="5ca92aa4-d5fe-4af2-9b72-63015d496e7c">
    </UnitTestResult>
    <UnitTestResult executionId="44c095b5-e62a-406e-ad15-aa5b5ee12121" testId="e9d4ee53-b79d-2bf2-2838-903535c09341" testName="GetContractorsByCountry" computerName="ADMIN-KOMPUTER" duration="00:00:00.0101498" startTime="2012-05-30T13:52:07.3818367+02:00" endTime="2012-05-30T13:52:07.3988377+02:00" testType="13cdc9d9-ddb5-4fa4-a97d-d965ccfc6d4b" outcome="Passed" testListId="8c84fa94-04c1-424b-9868-57a2d4851a1d" relativeResultsDirectory="44c095b5-e62a-406e-ad15-aa5b5ee12121">
    </UnitTestResult>
  </Results>
</TestRun>