<?xml version="1.0" encoding="UTF-8"?>
<TestRun id="f7e3ca5a-3c1c-40d8-8c32-b77fb432b57d" name="Admin@ADMIN-KOMPUTER 2012-06-04 21:22:20" runUser="Admin-Komputer\Admin" xmlns="http://microsoft.com/schemas/VisualStudio/TeamTest/2010">
  <TestSettings name="Local" id="4f9f8b0b-8b33-4150-9c2c-ab389c9f2a2a">
    <Description>These are default test settings for a local test run.</Description>
    <Deployment enabled="false" runDeploymentRoot="Admin_ADMIN-KOMPUTER 2012-06-04 21_22_20">
      <DeploymentItem filename="C:\Users\Admin\Documents\Visual Studio 2010\Projects\ZMTFixedAssets\EF_ZMTdbEntities\bin\Debug\EF_ZMTdbContent.dll" />
      <DeploymentItem filename="C:\Users\Admin\Documents\Visual Studio 2010\Projects\EF_ZMTdbConnection\EF_ZMTdbConnection\bin\Debug\EF_ZMTdbConnection.dll" />
      <DeploymentItem filename="C:\Users\Admin\Documents\Visual Studio 2010\Projects\ZMTFixedAssets\EF_ZMTdbEntities\bin\Debug\EF_ZMT_DbContext.dll" />
      <DeploymentItem filename="C:\Users\Admin\Documents\Visual Studio 2010\Projects\EF_ZMTdbConnection\EF_ZMTdbEntities\bin\Debug\EF_ZMTdbEntities.dll" />
      <DeploymentItem filename="C:\Users\Admin\documents\visual studio 2010\Projects\ZMTFixedAssetsService\ZMTFixedAssetsService\bin\Debug\ZMTFixedAssetsService.dll" />
      <DeploymentItem filename="C:\Users\Admin\Documents\Visual Studio 2010\Projects\FixedAssetsTransaction\FixedAssetsTransaction\bin\Debug\FixedAssetsTransactions.dll" />
      <DeploymentItem filename="C:\Users\Admin\Documents\Visual Studio 2010\Projects\FixedAssets\FixedAssets\bin\Debug\FixedAssets.dll" />
    </Deployment>
    <Execution>
      <TestTypeSpecific />
      <AgentRule name="Execution Agents">
      </AgentRule>
    </Execution>
  </TestSettings>
  <Times creation="2012-06-04T21:22:20.2390632+02:00" queuing="2012-06-04T21:22:20.4150733+02:00" start="2012-06-04T21:22:20.5320800+02:00" finish="2012-06-04T21:22:22.0921692+02:00" />
  <ResultSummary outcome="Failed">
    <Counters total="1" executed="1" error="0" failed="1" timeout="0" aborted="0" inconclusive="0" passedButRunAborted="0" notRunnable="0" notExecuted="0" disconnected="0" warning="0" passed="0" completed="0" inProgress="0" pending="0" />
  </ResultSummary>
  <TestDefinitions>
    <UnitTest name="CantAddSubgroup" storage="c:\users\admin\documents\visual studio 2010\projects\zmtfixedassetsservice\transactionstests\bin\debug\transactionstests.dll" id="310c3470-9f41-42f1-96ba-fd2be8d74117">
      <Execution id="14b5f108-75b9-4c3e-a307-58d10659a94d" />
      <TestMethod codeBase="C:/Users/Admin/Documents/Visual Studio 2010/Projects/ZMTFixedAssetsService/TransactionsTests/bin/Debug/TransactionsTests.DLL" adapterTypeName="Microsoft.VisualStudio.TestTools.TestTypes.Unit.UnitTestAdapter, Microsoft.VisualStudio.QualityTools.Tips.UnitTest.Adapter, Version=10.0.0.0, Culture=neutral, PublicKeyToken=b03f5f7f11d50a3a" className="TransactionsTests.SubgroupTransactionsUnitTests, TransactionsTests, Version=1.0.0.0, Culture=neutral, PublicKeyToken=null" name="CantAddSubgroup" />
    </UnitTest>
  </TestDefinitions>
  <TestLists>
    <TestList name="Results Not in a List" id="8c84fa94-04c1-424b-9868-57a2d4851a1d" />
    <TestList name="All Loaded Results" id="19431567-8539-422a-85d7-44ee4e166bda" />
  </TestLists>
  <TestEntries>
    <TestEntry testId="310c3470-9f41-42f1-96ba-fd2be8d74117" executionId="14b5f108-75b9-4c3e-a307-58d10659a94d" testListId="8c84fa94-04c1-424b-9868-57a2d4851a1d" />
  </TestEntries>
  <Results>
    <UnitTestResult executionId="14b5f108-75b9-4c3e-a307-58d10659a94d" testId="310c3470-9f41-42f1-96ba-fd2be8d74117" testName="CantAddSubgroup" computerName="ADMIN-KOMPUTER" duration="00:00:00.7532021" startTime="2012-06-04T21:22:20.6420863+02:00" endTime="2012-06-04T21:22:22.0531670+02:00" testType="13cdc9d9-ddb5-4fa4-a97d-d965ccfc6d4b" outcome="Failed" testListId="8c84fa94-04c1-424b-9868-57a2d4851a1d" relativeResultsDirectory="14b5f108-75b9-4c3e-a307-58d10659a94d">
      <Output>
        <ErrorInfo>
          <Message>Test method TransactionsTests.SubgroupTransactionsUnitTests.CantAddSubgroup threw exception: 
System.InvalidOperationException: Nie udało się dodać podgrupy. Popraw dane i spróbuj ponownie</Message>
          <StackTrace>    at FixedAssetsTransactions.SubgroupTransactions.AddSubgroup(Subgroup subgroup) in C:\Users\Admin\Documents\Visual Studio 2010\Projects\FixedAssetsTransaction\FixedAssetsTransaction\SubgroupTransactions.cs:line 24
   at ZMTFixedAssetsService.Transactions.FixedAssetTransaction.AddSubgroup(Subgroup subgroup) in C:\Users\Admin\Documents\Visual Studio 2010\Projects\ZMTFixedAssetsService\ZMTFixedAssetsService\Transactions\SubgroupTransaction.cs:line 17
   at TransactionsTests.SubgroupTransactionsUnitTests.CantAddSubgroup() in C:\Users\Admin\Documents\Visual Studio 2010\Projects\ZMTFixedAssetsService\TransactionsTests\SubgroupTransactionsUnitTests.cs:line 25
</StackTrace>
        </ErrorInfo>
      </Output>
    </UnitTestResult>
  </Results>
</TestRun>